mode: atomic
github.com/go-widgets/tray/headless.go:21.30,21.77 1 7
github.com/go-widgets/tray/headless.go:25.39,33.2 7 2
github.com/go-widgets/tray/headless.go:36.37,41.2 4 612
github.com/go-widgets/tray/headless.go:44.27,47.15 3 3
github.com/go-widgets/tray/headless.go:47.15,50.3 2 2
github.com/go-widgets/tray/headless.go:59.69,63.2 3 18
github.com/go-widgets/tray/headless.go:65.38,67.2 1 614
github.com/go-widgets/tray/iconstate.go:25.66,28.2 2 0
github.com/go-widgets/tray/iconstate.go:44.117,47.31 2 3
github.com/go-widgets/tray/iconstate.go:47.31,47.50 1 6
github.com/go-widgets/tray/iconstate.go:48.2,48.43 1 3
github.com/go-widgets/tray/iconstate.go:48.43,48.64 1 3
github.com/go-widgets/tray/iconstate.go:49.2,54.16 4 3
github.com/go-widgets/tray/iconstate.go:54.16,55.18 1 4
github.com/go-widgets/tray/iconstate.go:55.18,58.4 2 3
github.com/go-widgets/tray/iconstate.go:74.46,75.22 1 57
github.com/go-widgets/tray/iconstate.go:75.22,77.3 1 2
github.com/go-widgets/tray/iconstate.go:81.2,81.6 1 55
github.com/go-widgets/tray/iconstate.go:81.6,82.10 1 104
github.com/go-widgets/tray/iconstate.go:83.27,84.10 1 55
github.com/go-widgets/tray/iconstate.go:85.19,85.19 0 49
github.com/go-widgets/tray/iconstate.go:92.30,98.15 5 3
github.com/go-widgets/tray/iconstate.go:98.15,99.22 1 3
github.com/go-widgets/tray/iconstate.go:99.22,101.4 1 1
github.com/go-widgets/tray/iconstate.go:104.2,104.6 1 3
github.com/go-widgets/tray/iconstate.go:104.6,105.10 1 11
github.com/go-widgets/tray/iconstate.go:106.17,107.10 1 3
github.com/go-widgets/tray/iconstate.go:108.24,109.23 1 5
github.com/go-widgets/tray/iconstate.go:109.23,112.5 2 1
github.com/go-widgets/tray/iconstate.go:113.4,115.23 3 5
github.com/go-widgets/tray/iconstate.go:115.23,117.5 1 2
github.com/go-widgets/tray/iconstate.go:118.15,120.29 2 3
github.com/go-widgets/tray/menusig.go:27.36,31.2 3 8254
github.com/go-widgets/tray/menusig.go:33.38,34.14 1 8277
github.com/go-widgets/tray/menusig.go:34.14,37.3 2 3
github.com/go-widgets/tray/menusig.go:38.2,41.29 4 8274
github.com/go-widgets/tray/menusig.go:41.29,42.16 1 151
github.com/go-widgets/tray/menusig.go:42.16,44.12 2 2
github.com/go-widgets/tray/menusig.go:48.3,64.24 5 149
github.com/go-widgets/tray/menusig.go:64.24,66.4 1 23
github.com/go-widgets/tray/menusig.go:70.38,75.2 4 298
github.com/go-widgets/tray/menusig.go:80.40,85.2 4 149
github.com/go-widgets/tray/menusig.go:87.23,88.7 1 596
github.com/go-widgets/tray/menusig.go:88.7,90.3 1 74
github.com/go-widgets/tray/menusig.go:91.2,91.10 1 522
github.com/go-widgets/tray/native_darwin.go:72.27,73.23 1 12
github.com/go-widgets/tray/native_darwin.go:73.23,74.65 1 1
github.com/go-widgets/tray/native_darwin.go:74.65,76.4 1 0
github.com/go-widgets/tray/native_darwin.go:78.2,78.18 1 12
github.com/go-widgets/tray/native_darwin.go:91.31,91.60 1 19
github.com/go-widgets/tray/native_darwin.go:120.33,120.60 1 19
github.com/go-widgets/tray/native_darwin.go:147.57,148.19 1 8224
github.com/go-widgets/tray/native_darwin.go:148.19,150.3 1 18
github.com/go-widgets/tray/native_darwin.go:151.2,153.14 3 8206
github.com/go-widgets/tray/native_darwin.go:153.14,155.3 1 0
github.com/go-widgets/tray/native_darwin.go:166.2,166.72 1 8206
github.com/go-widgets/tray/native_darwin.go:166.72,171.3 1 8206
github.com/go-widgets/tray/native_darwin.go:175.2,176.12 2 8206
github.com/go-widgets/tray/native_darwin.go:190.48,193.39 2 11
github.com/go-widgets/tray/native_darwin.go:193.39,195.3 1 0
github.com/go-widgets/tray/native_darwin.go:197.2,197.19 1 11
github.com/go-widgets/tray/native_darwin.go:197.19,210.60 2 8
github.com/go-widgets/tray/native_darwin.go:210.60,212.7 1 1
github.com/go-widgets/tray/native_darwin.go:216.55,218.7 1 11
github.com/go-widgets/tray/native_darwin.go:222.55,229.35 1 8202
github.com/go-widgets/tray/native_darwin.go:229.35,229.57 1 8202
github.com/go-widgets/tray/native_darwin.go:234.3,234.17 1 8
github.com/go-widgets/tray/native_darwin.go:234.17,236.4 1 0
github.com/go-widgets/tray/native_darwin.go:237.3,242.20 3 8
github.com/go-widgets/tray/native_darwin.go:242.20,244.4 1 0
github.com/go-widgets/tray/native_darwin.go:248.2,250.23 3 11
github.com/go-widgets/tray/native_darwin.go:250.23,252.3 1 0
github.com/go-widgets/tray/native_darwin.go:253.2,254.12 2 11
github.com/go-widgets/tray/native_darwin.go:262.47,264.2 1 8221
github.com/go-widgets/tray/native_darwin.go:279.39,281.22 2 11
github.com/go-widgets/tray/native_darwin.go:281.22,283.3 1 8
github.com/go-widgets/tray/native_darwin.go:286.2,287.37 2 11
github.com/go-widgets/tray/native_darwin.go:287.37,290.3 2 8
github.com/go-widgets/tray/native_darwin.go:291.2,291.110 1 11
github.com/go-widgets/tray/native_darwin.go:291.110,294.3 2 0
github.com/go-widgets/tray/native_darwin.go:295.2,295.10 1 11
github.com/go-widgets/tray/native_darwin.go:295.10,301.3 1 8
github.com/go-widgets/tray/native_darwin.go:302.2,302.20 1 11
github.com/go-widgets/tray/native_darwin.go:309.44,311.37 2 0
github.com/go-widgets/tray/native_darwin.go:311.37,313.3 1 0
github.com/go-widgets/tray/native_darwin.go:327.2,329.12 3 0
github.com/go-widgets/tray/native_darwin.go:338.47,340.2 1 11
github.com/go-widgets/tray/native_darwin.go:342.42,345.2 2 8210
github.com/go-widgets/tray/native_darwin.go:350.40,351.17 1 8213
github.com/go-widgets/tray/native_darwin.go:351.17,353.3 1 0
github.com/go-widgets/tray/native_darwin.go:354.2,355.62 2 8213
github.com/go-widgets/tray/native_darwin.go:355.62,363.3 2 8202
github.com/go-widgets/tray/native_darwin.go:364.2,364.35 1 8213
github.com/go-widgets/tray/native_darwin.go:364.35,366.3 1 1
github.com/go-widgets/tray/native_darwin.go:371.2,379.58 2 8213
github.com/go-widgets/tray/native_darwin.go:379.58,386.3 5 9
github.com/go-widgets/tray/native_darwin.go:393.52,396.29 3 9
github.com/go-widgets/tray/native_darwin.go:396.29,397.19 1 11
github.com/go-widgets/tray/native_darwin.go:397.19,399.12 2 1
github.com/go-widgets/tray/native_darwin.go:401.3,403.63 2 10
github.com/go-widgets/tray/native_darwin.go:403.63,412.4 2 3
github.com/go-widgets/tray/native_darwin.go:413.3,413.24 1 10
github.com/go-widgets/tray/native_darwin.go:413.24,417.4 3 0
github.com/go-widgets/tray/native_darwin.go:417.9,423.33 6 10
github.com/go-widgets/tray/native_darwin.go:423.33,425.5 1 0
github.com/go-widgets/tray/native_darwin.go:427.3,428.31 2 10
github.com/go-widgets/tray/native_darwin.go:430.2,430.13 1 9
github.com/go-widgets/tray/native_darwin.go:445.32,450.2 2 0
github.com/go-widgets/tray/native_shared.go:20.63,21.20 1 3
github.com/go-widgets/tray/native_shared.go:21.20,23.3 1 1
github.com/go-widgets/tray/native_shared.go:24.2,25.16 2 2
github.com/go-widgets/tray/native_shared.go:25.16,27.3 1 1
github.com/go-widgets/tray/native_shared.go:28.2,32.26 5 1
github.com/go-widgets/tray/native_shared.go:37.33,39.38 2 2
github.com/go-widgets/tray/native_shared.go:39.38,45.3 5 1
github.com/go-widgets/tray/native_shared.go:46.2,46.12 1 2
github.com/go-widgets/tray/native_shared.go:51.33,53.38 2 2
github.com/go-widgets/tray/native_shared.go:53.38,59.3 5 1
github.com/go-widgets/tray/native_shared.go:60.2,60.12 1 2
github.com/go-widgets/tray/native_shared.go:67.37,70.24 3 8215
github.com/go-widgets/tray/native_shared.go:70.24,71.31 1 8215
github.com/go-widgets/tray/native_shared.go:71.31,72.11 1 20
github.com/go-widgets/tray/native_shared.go:73.22,73.22 0 2
github.com/go-widgets/tray/native_shared.go:75.27,76.21 1 1
github.com/go-widgets/tray/native_shared.go:77.12,78.26 1 17
github.com/go-widgets/tray/native_shared.go:82.2,82.14 1 8215
github.com/go-widgets/tray/native_shared.go:82.14,84.3 1 8214
github.com/go-widgets/tray/native_shared.go:85.2,85.12 1 8215
github.com/go-widgets/tray/native_shared.go:93.47,94.34 1 6
github.com/go-widgets/tray/native_shared.go:94.34,96.3 1 3
github.com/go-widgets/tray/native_shared.go:103.37,106.24 3 2
github.com/go-widgets/tray/native_shared.go:106.24,107.31 1 2
github.com/go-widgets/tray/native_shared.go:107.31,109.25 2 4
github.com/go-widgets/tray/native_shared.go:109.25,111.5 1 1
github.com/go-widgets/tray/native_shared.go:114.2,114.14 1 2
github.com/go-widgets/tray/native_shared.go:114.14,116.3 1 1
github.com/go-widgets/tray/native_shared.go:117.2,117.12 1 2
github.com/go-widgets/tray/native_shared.go:171.62,172.9 1 17
github.com/go-widgets/tray/native_shared.go:173.16,174.26 1 2
github.com/go-widgets/tray/native_shared.go:175.22,176.24 1 1
github.com/go-widgets/tray/native_shared.go:177.17,178.25 1 1
github.com/go-widgets/tray/native_shared.go:179.19,180.26 1 1
github.com/go-widgets/tray/native_shared.go:182.2,182.12 1 12
github.com/go-widgets/tray/template.go:34.38,35.23 1 8213
github.com/go-widgets/tray/template.go:35.23,37.3 1 1
github.com/go-widgets/tray/template.go:38.2,39.16 2 8212
github.com/go-widgets/tray/template.go:39.16,41.3 1 1
github.com/go-widgets/tray/template.go:42.2,43.37 2 8211
github.com/go-widgets/tray/template.go:43.37,44.38 1 8449
github.com/go-widgets/tray/template.go:44.38,46.14 2 23836
github.com/go-widgets/tray/template.go:46.14,47.13 1 5832
github.com/go-widgets/tray/template.go:51.4,52.45 2 18004
github.com/go-widgets/tray/template.go:52.45,54.5 1 2
github.com/go-widgets/tray/template.go:57.2,57.13 1 8209
github.com/go-widgets/tray/template.go:61.30,63.12 2 18017
github.com/go-widgets/tray/template.go:63.12,65.3 1 16406
github.com/go-widgets/tray/template.go:66.2,66.12 1 18017
github.com/go-widgets/tray/template.go:66.12,68.3 1 16404
github.com/go-widgets/tray/template.go:69.2,69.12 1 18017
github.com/go-widgets/tray/template.go:69.12,71.3 1 5
github.com/go-widgets/tray/template.go:72.2,72.12 1 18017
github.com/go-widgets/tray/template.go:72.12,74.3 1 1
github.com/go-widgets/tray/template.go:75.2,75.16 1 18017
github.com/go-widgets/tray/tray.go:65.22,65.40 1 294
github.com/go-widgets/tray/tray.go:68.46,71.2 2 72
github.com/go-widgets/tray/tray.go:74.51,76.2 1 73
github.com/go-widgets/tray/tray.go:79.28,79.65 1 29
github.com/go-widgets/tray/tray.go:82.71,84.2 1 10
github.com/go-widgets/tray/tray.go:87.74,89.2 1 2
github.com/go-widgets/tray/tray.go:92.49,94.2 1 4
github.com/go-widgets/tray/tray.go:99.32,100.54 1 11
github.com/go-widgets/tray/tray.go:100.54,102.3 1 3
github.com/go-widgets/tray/tray.go:103.2,103.17 1 8
github.com/go-widgets/tray/tray.go:103.17,105.25 2 3
github.com/go-widgets/tray/tray.go:105.25,107.4 1 2
github.com/go-widgets/tray/tray.go:108.3,108.9 1 3
github.com/go-widgets/tray/tray.go:110.2,110.23 1 5
github.com/go-widgets/tray/tray.go:110.23,112.3 1 4
github.com/go-widgets/tray/tray.go:117.44,120.25 3 4
github.com/go-widgets/tray/tray.go:120.25,121.49 1 6
github.com/go-widgets/tray/tray.go:121.49,123.4 1 3
github.com/go-widgets/tray/tray.go:124.3,125.21 2 3
github.com/go-widgets/tray/tray.go:127.2,127.13 1 1
github.com/go-widgets/tray/tray.go:160.32,162.2 1 18
github.com/go-widgets/tray/tray.go:165.45,165.72 2 17
github.com/go-widgets/tray/tray.go:168.43,176.2 5 203
github.com/go-widgets/tray/tray.go:179.46,185.2 5 8410
github.com/go-widgets/tray/tray.go:188.39,194.2 5 209
github.com/go-widgets/tray/tray.go:197.41,197.69 2 4
github.com/go-widgets/tray/tray.go:201.30,205.2 3 9029
github.com/go-widgets/tray/tray.go:207.33,211.2 3 9028
github.com/go-widgets/tray/tray.go:213.29,217.2 3 17250
github.com/go-widgets/tray/tray.go:220.24,221.22 1 14
github.com/go-widgets/tray/tray.go:221.22,223.3 1 3
github.com/go-widgets/tray/tray.go:227.28,228.22 1 4
github.com/go-widgets/tray/tray.go:228.22,230.3 1 2
github.com/go-widgets/tray/tray.go:231.2,231.25 1 2
github.com/go-widgets/tray/tray.go:250.31,251.22 1 5
github.com/go-widgets/tray/tray.go:251.22,253.3 1 3
github.com/go-widgets/tray/tray.go:254.2,254.39 1 2
github.com/go-widgets/tray/tray.go:254.39,256.3 1 1
github.com/go-widgets/tray/tray.go:257.2,257.21 1 1
github.com/go-widgets/tray/tray.go:261.23,262.22 1 5
github.com/go-widgets/tray/tray.go:262.22,264.3 1 3
github.com/go-widgets/tray/tray.go:267.26,268.22 1 8822
github.com/go-widgets/tray/tray.go:268.22,270.3 1 8822
